Command line invocation:
    /Applications/Xcode.app/Contents/Developer/usr/bin/xcodebuild test -project focusmate.xcodeproj -scheme focusmate -sdk iphonesimulator -destination "platform=iOS Simulator,id=71BBD785-BF01-452B-8733-0BAF60944472"

Build settings from command line:
    SDKROOT = iphonesimulator26.0

2025-11-01 15:23:30.023 xcodebuild[91026:36930657] [MT] IDERunDestination: Supported platforms for the buildables in the current scheme is empty.
ComputePackagePrebuildTargetDependencyGraph

Prepare packages

CreateBuildRequest

SendProjectDescription

CreateBuildOperation

ComputeTargetDependencyGraph
note: Building targets in dependency order
note: Target dependency graph (3 targets)
    Target 'focusmateUITests' in project 'focusmate'
        ➜ Explicit dependency on target 'focusmate' in project 'focusmate'
    Target 'focusmateTests' in project 'focusmate'
        ➜ Explicit dependency on target 'focusmate' in project 'focusmate'
    Target 'focusmate' in project 'focusmate' (no dependencies)

GatherProvisioningInputs

CreateBuildDescription

ExecuteExternalTool /Applications/Xcode.app/Contents/Developer/Toolchains/XcodeDefault.xctoolchain/usr/bin/clang -v -E -dM -isysroot /Applications/Xcode.app/Contents/Developer/Platforms/iPhoneSimulator.platform/Developer/SDKs/iPhoneSimulator26.0.sdk -x c -c /dev/null

ExecuteExternalTool /Applications/Xcode.app/Contents/Developer/Toolchains/XcodeDefault.xctoolchain/usr/bin/swiftc --version

ExecuteExternalTool /Applications/Xcode.app/Contents/Developer/usr/bin/actool --print-asset-tag-combinations --output-format xml1 /Users/monsoudzanaty/Documents/focusmate/focusmate/Assets.xcassets

ExecuteExternalTool /Applications/Xcode.app/Contents/Developer/Toolchains/XcodeDefault.xctoolchain/usr/bin/ld -version_details

ExecuteExternalTool /Applications/Xcode.app/Contents/Developer/usr/bin/actool --version --output-format xml1

Build description signature: a6a0566cfe1557f8d6e7521b86125651
Build description path: /Users/monsoudzanaty/Library/Developer/Xcode/DerivedData/focusmate-eqxdtgsujrrgsrdmwpdzbzcdxmgy/Build/Intermediates.noindex/XCBuildData/a6a0566cfe1557f8d6e7521b86125651.xcbuilddata
error: Cannot code sign because the target does not have an Info.plist file and one is not being generated automatically. Apply an Info.plist file to the target using the INFOPLIST_FILE build setting or generate one automatically by setting the GENERATE_INFOPLIST_FILE build setting to YES (recommended). (in target 'focusmateTests' from project 'focusmate')
error: Cannot code sign because the target does not have an Info.plist file and one is not being generated automatically. Apply an Info.plist file to the target using the INFOPLIST_FILE build setting or generate one automatically by setting the GENERATE_INFOPLIST_FILE build setting to YES (recommended). (in target 'focusmateUITests' from project 'focusmate')

Test session results, code coverage, and logs:
	/Users/monsoudzanaty/Library/Developer/Xcode/DerivedData/focusmate-eqxdtgsujrrgsrdmwpdzbzcdxmgy/Logs/Test/Test-focusmate-2025.11.01_15-23-30--0400.xcresult

Testing failed:
	Cannot code sign because the target does not have an Info.plist file and one is not being generated automatically. Apply an Info.plist file to the target using the INFOPLIST_FILE build setting or generate one automatically by setting the GENERATE_INFOPLIST_FILE build setting to YES (recommended).
	Testing cancelled because the build failed.

** TEST FAILED **


The following build commands failed:
	Testing project focusmate with scheme focusmate
(1 failure)
